// Jest Snapshot v1, https://goo.gl/fbAQLP

exports[`<App/> renders correctly enzyme 1`] = `
<BrowserRouter>
  <div
    className="main"
  >
    <Navbar />
    <Switch>
      <Route
        component={[Function]}
        exact={true}
        path="/"
      />
      <Route
        exact={true}
        path="/start"
      >
        <div
          className="todo-app"
        >
          <h1>
            Input Todo
          </h1>
          <TodoForm
            addTodo={[Function]}
            editTask={[Function]}
            editTodo={null}
          />
          <TodoList
            deleteTodo={[Function]}
            findItem={[Function]}
            todos={Array []}
          />
        </div>
      </Route>
      <Route
        component={[Function]}
        path="/about"
      />
    </Switch>
  </div>
</BrowserRouter>
`;
